// Jest Snapshot v1, https://goo.gl/fbAQLP

exports[`ButtonWidget ButtonWidget snapshot 1`] = `ShallowWrapper {}`;
