// Jest Snapshot v1, https://goo.gl/fbAQLP

exports[`InputWidget InputWidget snapshot 1`] = `ShallowWrapper {}`;
