// Jest Snapshot v1, https://goo.gl/fbAQLP

exports[`ResultWidget result snapshot 1`] = `ShallowWrapper {}`;
